// Jest Snapshot v1, https://goo.gl/fbAQLP

exports[`----- DatePicker Component ----- Renders without crashing 1`] = `
<DocumentFragment>
  <div
    class="react-datepicker-wrapper datepicker"
  >
    <div
      class="react-datepicker__input-container"
    >
      <input
        class="input w--100"
        type="text"
        value=""
      />
    </div>
  </div>
</DocumentFragment>
`;
