// Jest Snapshot v1, https://goo.gl/fbAQLP

exports[`----- DataTable Component ----- Base Renders without crashing 1`] = `
<DocumentFragment>
  <div
    class="datatable-container"
  >
    <div
      class="datatable-container__inner"
    >
      <header
        class="datatable-header m--b-md"
        data-testid="datatable-header"
      >
        <div
          class="grid grid--gutter"
        >
          <div
            class="grid__item grid__item--3"
          >
            <button
              class="w--100 btn btn--tertiary btn--sm"
              type="button"
            >
              <span
                class="w--100"
              >
                Filter Data
              </span>
              <span
                class="btn__icn btn__icn--end icn icn--sm"
                title="Branch"
              />
            </button>
          </div>
          <div
            class="grid__item grid__item--3"
          >
            <button
              class="w--100 btn btn--tertiary btn--sm"
              type="button"
            >
              <span
                class="w--100"
              >
                Customise Table
              </span>
              <span
                class="btn__icn btn__icn--end icn icn--sm"
                title="Branch"
              />
            </button>
          </div>
          <div
            class="grid__item grid__item--3"
          >
            <div>
              <input
                class="input--sm input"
                id="Search"
                placeholder="Search Data"
                type="text"
                value=""
              />
            </div>
          </div>
          <div
            class="m--l-auto grid__item grid__item--3"
          >
            <button
              class="w--100 btn btn--tertiary btn--sm"
              type="button"
            >
              <span
                class="w--100"
              >
                Add Line
              </span>
              <span
                class="btn__icn btn__icn--end icn icn--sm"
                title="Branch"
              />
            </button>
          </div>
        </div>
      </header>
      <table
        class="datatable m--b-md"
      >
        <thead
          class="datatable-body-header"
        >
          <tr>
            <th
              class="datatable-body-header__item"
              style="width: 100px; resize: none;"
            >
              Test Heading 1
            </th>
            <th
              class="datatable-body-header__item"
              style="width: 50px;"
            >
              Action
            </th>
          </tr>
        </thead>
        <tbody
          class="datatable-body"
        >
          <tr
            class="datatable-body__row"
          >
            <td
              class="datatable-body__cell"
            >
              <div
                class="select"
                data-testid="test_cell_1"
                tabindex="-1"
              >
                <div>
                  <input
                    autocomplete="off"
                    class="select__input"
                    data-testid="test_cell_1-input"
                    id="test_cell_1"
                    name="test_cell_1"
                    placeholder="-- Select --"
                    value=""
                  />
                  <span
                    class="select__icn icn icn--sm"
                    title="Chevron-down"
                  />
                </div>
                <ul
                  class="select__options"
                  data-testid="test_cell_1-options"
                  style="display: none;"
                >
                  <li
                    class="select__option"
                  >
                    <button
                      class="select__option-btn"
                      data-value="200"
                      title="200"
                      type="button"
                    >
                      200
                    </button>
                  </li>
                </ul>
              </div>
            </td>
            <td
              class="datatable-body__cell"
            >
              <button
                class="action action--tertiary action--md"
                title="Row actions"
                type="button"
              >
                <span
                  class="action__icn icn icn--md"
                  title="Branch"
                />
                <span
                  class="text--screen-reader"
                >
                  Row actions
                </span>
              </button>
            </td>
          </tr>
        </tbody>
      </table>
      <footer
        class="datatable-footer"
        data-testid="datatable-footer"
      >
        <div
          class="grid"
        >
          <div
            class="grid__item grid__item--3"
          >
            1 Line
          </div>
        </div>
      </footer>
    </div>
  </div>
</DocumentFragment>
`;
