// Jest Snapshot v1, https://goo.gl/fbAQLP

exports[`----- Header Component ----- Renders without crashing 1`] = `
<DocumentFragment>
  <header
    class="header"
  >
    <h2
      class="text--medium text text--intro text--left"
    >
      Test header
    </h2>
    <h3
      class="text text--p text--left"
    >
      Test header
    </h3>
  </header>
</DocumentFragment>
`;
