// Jest Snapshot v1, https://goo.gl/fbAQLP

exports[`----- Field Component ----- Renders without crashing 1`] = `
<DocumentFragment>
  <div
    class="field field--info"
  >
    <label
      class="field__label m--b-md text--bold"
      for="field"
    >
      This is a test label
    </label>
    <input
      class="input--md input"
      id="field"
      type="Text"
      value=""
    />
    <span
      class="field__icn icn icn--md icn--info"
      title="Info"
    />
    <p
      class="field__msg"
    >
      This is my message
    </p>
  </div>
</DocumentFragment>
`;
