// Jest Snapshot v1, https://goo.gl/fbAQLP

exports[`----- Navtree Component ----- Renders without crashing 1`] = `
<DocumentFragment>
  <nav
    class="navtree"
  >
    <ul
      class="navtree__list navtree__list--active"
      data-depth="0"
    >
      <li
        class="navtree__item"
        data-testid="navTreeItem"
      >
        <span
          tabindex="0"
        >
          <a
            class="navtree__link"
            href="/"
          >
            <span
              class="icn icn--lg icn--dark"
              title="Home"
            />
            <span />
          </a>
        </span>
      </li>
      <li
        class="navtree__item"
        data-testid="navTreeItem"
      >
        <span
          tabindex="0"
        >
          <a
            class="navtree__link"
          >
            <span
              class="icn icn--lg icn--dark"
              title="Home"
            />
            <span />
          </a>
        </span>
      </li>
      <li
        class="navtree__item"
        data-testid="navTreeItem"
      >
        <span
          tabindex="0"
        >
          <button
            class="navtree__link"
            to="/test"
          >
            <span
              class="icn icn--lg icn--dark"
              title="Home"
            />
            <span />
          </button>
        </span>
        <ul
          class="navtree__list"
          data-depth="1"
        >
          <li
            class="navtree__item"
            data-testid="navTreeItem"
          >
            <span
              tabindex="0"
            >
              <a
                class="navtree__link"
              >
                <span
                  class="icn icn--lg icn--dark"
                  title="Home"
                />
                <span />
              </a>
            </span>
          </li>
        </ul>
      </li>
    </ul>
  </nav>
</DocumentFragment>
`;
