// Jest Snapshot v1, https://goo.gl/fbAQLP

exports[`----- Navtree Component ----- Renders without crashing 1`] = `
<DocumentFragment>
  <nav
    class="navtree navtree--expanded"
  >
    <ul
      class="navtree__list navtree__list--active navtree__list--expand-y"
      data-depth="0"
    >
      <li
        class="navtree__item"
        data-testid="navtree-item"
      >
        <a
          class="navtree__link navtree__link--primary"
          href="/"
        >
          <span
            class="navtree__icn icn icn--lg icn--dark"
            title="Home"
          />
          <span
            class="navtree__link-text"
          >
            Home
          </span>
        </a>
      </li>
      <li
        class="navtree__item"
        data-testid="navtree-item"
      >
        <a
          class="navtree__link navtree__link--primary"
        >
          <span
            class="navtree__icn icn icn--lg icn--dark"
            title="Home"
          />
          <span
            class="navtree__link-text"
          >
            About
          </span>
        </a>
      </li>
      <li
        class="navtree__item"
        data-testid="navtree-item"
      >
        <button
          class="navtree__link navtree__link--expand-y"
          to="/test"
        >
          <span
            class="navtree__icn icn icn--lg icn--dark"
            title="Home"
          />
          <span
            class="navtree__link-text"
          >
            Test
          </span>
          <span
            class="navtree__icn navtree__icn--expand icn icn--sm icn--dark"
            title="Chevron-down"
          />
        </button>
        <ul
          class="navtree__list navtree__list--expand-y"
          data-depth="1"
        >
          <li
            class="navtree__item"
            data-testid="navtree-item"
          >
            <a
              class="navtree__link navtree__link--primary"
            >
              <span
                class="navtree__icn icn icn--lg icn--dark"
                title="Home"
              />
              <span
                class="navtree__link-text"
              >
                A test child
              </span>
            </a>
          </li>
        </ul>
      </li>
    </ul>
  </nav>
</DocumentFragment>
`;
