// Jest Snapshot v1, https://goo.gl/fbAQLP

exports[`----- Radio Component ----- renders without crashing 1`] = `
<DocumentFragment>
  <label
    class="radio"
  >
    <input
      class="radio__input"
      id="Rado-test"
      type="radio"
    />
    <span
      class="radio__icn"
    />
  </label>
</DocumentFragment>
`;
