// Jest Snapshot v1, https://goo.gl/fbAQLP

exports[`----- Collapse Component ----- Renders without crashing 1`] = `
<DocumentFragment>
  <div
    class="collapse"
  >
    <button
      class="collapse__header"
    >
      <span
        class="collapse__heading text text--intro text--left"
      >
        Test
      </span>
      <span
        class="icn icn--md icn--dark"
        title="Chevron-up"
      />
    </button>
    <div
      class="collapse__body collapse__body--active"
    >
      test
    </div>
  </div>
</DocumentFragment>
`;
